[iq-app.qhub.digital/enterprise/mysterium/stake.html]
[backblue.gif]
[fade.gif]
[index.html]
[iq-app.qhub.digital/logo192.png]
[iq-app.qhub.digital/_next/static/css/cc5f0bf4f60cf05f.css]
[iq-app.qhub.digital/_next/static/chunks/polyfills-5cd94c89d3acac5f.js]
[iq-app.qhub.digital/_next/static/chunks/webpack-d655bc16250883c2.js]
[iq-app.qhub.digital/_next/static/chunks/framework-5f4595e5518b5600.js]
[iq-app.qhub.digital/_next/static/chunks/main-7c9e8fd8226b6573.js]
[iq-app.qhub.digital/_next/static/chunks/pages/_app-973e68bdeb8e57dc.js]
[iq-app.qhub.digital/_next/static/chunks/a22d1530-99a5e61bb95f799f.js]
[iq-app.qhub.digital/_next/static/chunks/575-71f3ea4360a60e0e.js]
[iq-app.qhub.digital/_next/static/chunks/167-807e853499f548d4.js]
[iq-app.qhub.digital/_next/static/chunks/917-d69f05c702c16ae5.js]
[iq-app.qhub.digital/_next/static/chunks/753-ed267e8531ef78a3.js]
[iq-app.qhub.digital/_next/static/chunks/416-7f1e5c8665f3850f.js]
[iq-app.qhub.digital/_next/static/chunks/204-7f46ba4cbb91516d.js]
[iq-app.qhub.digital/_next/static/chunks/pages/enterprise/[nameOrAddr]/[action]-82e4cbb462214494.js]
[iq-app.qhub.digital/_next/static/hBtN4bTZh0ZqZyo9YlDRH/_buildManifest.js]
[iq-app.qhub.digital/_next/static/hBtN4bTZh0ZqZyo9YlDRH/_ssgManifest.js]
[iq-app.qhub.digital/_next/static/hBtN4bTZh0ZqZyo9YlDRH/_middlewareManifest.js]
[iq-app.qhub.digital/enterprise/mysterium/rent.html]
[iq-app.qhub.digital/enterprise/mysterium/stake.html]
[iq-app.qhub.digital/_next/static/css/cc5f0bf4f60cf05f.css]
[iq-app.qhub.digital/enterprise/mysterium/rent.html]
[iq-app.qhub.digital/enterprise/mysterium/swap.html]
[iq-app.qhub.digital/enterprise/mysterium/swap.html]
